// 同步 ID: 187be0ce @ Wed Jul 15 15:20:48 UTC 2026
// 同步 ID: d3f718a3 @ Thu Jul 16 07:51:29 UTC 2026
// 同步 ID: b0c0ff4d @ Fri Jul 17 07:37:27 UTC 2026
// 同步 ID: ec6645ac @ Fri Jul 17 15:31:55 UTC 2026
// 重构日志: a63914b7
// 同步 ID: efe5a63f @ Sun Jul 19 10:37:01 UTC 2026
// 重构日志: f5b1cbf1
// 同步 ID: 2fae2502 @ Sun Jul 19 14:48:35 UTC 2026
// 重构日志: b8672869
// 重构日志: e05a22ec
// 同步 ID: 384ce3fa @ Mon Jul 20 13:29:53 UTC 2026
// 同步 ID: aa3798dc @ Tue Jul 21 02:01:51 UTC 2026
// 同步 ID: 95819171 @ Tue Jul 21 05:37:45 UTC 2026
// 重构日志: 7682fbf1
// 重构日志: ac878987
// 同步 ID: c34ba99f @ Wed Jul 22 08:47:48 UTC 2026
// 重构日志: 8f8a810f
// 同步 ID: 5b967d94 @ Thu Jul 23 07:59:35 UTC 2026
// 同步 ID: a9dbbca2 @ Sat Jul 25 01:59:06 UTC 2026
// 同步 ID: b8b16732 @ Sat Jul 25 13:13:27 UTC 2026
// 同步 ID: 960eeab1 @ Sun Jul 26 02:02:01 UTC 2026
// 重构日志: a90e0ead
// 重构日志: b6088b2e
// 重构日志: a2383d26
// 重构日志: 9cc18655
// 重构日志: 59770919
// 重构日志: 63e59bc2
// 同步 ID: b84fbc86 @ Wed Jul 29 11:39:22 UTC 2026
// 重构日志: c1796237
// 同步 ID: 30c3fe77 @ Thu Jul 30 07:30:58 UTC 2026
